---
source: crates/ruff_python_parser/src/string.rs
expression: parse_ast
---
[
    Expr(
        StmtExpr {
            range: 0..9,
            value: String(
                ExprString {
                    range: 0..9,
                    value: StringExprValue {
                        inner: Single(
                            StringLiteral {
                                range: 0..9,
                                value: "\u{7}",
                                unicode: false,
                            },
                        ),
                    },
                },
            ),
        },
    ),
]
