---
source: crates/ruff_python_parser/src/string.rs
expression: parse_ast
---
[
    Assign(
        StmtAssign {
            range: 0..16,
            targets: [
                Name(
                    ExprName {
                        range: 0..4,
                        id: "bold",
                        ctx: Store,
                    },
                ),
            ],
            value: String(
                ExprString {
                    range: 7..16,
                    value: StringExprValue {
                        inner: Single(
                            StringLiteral {
                                range: 7..16,
                                value: "\u{3}8[1m",
                                unicode: false,
                            },
                        ),
                    },
                },
            ),
        },
    ),
]
